2026-04-13 03:44:48,036 - lbm_debug - DEBUG - Viscosity estimate: Mach=0.0250, Re=1000000.0, L_phys=1.0000, nu_phys=8.575000e-06, nu_lattice=5.488000e-07
2026-04-13 03:44:48,036 - lbm_debug - DEBUG - Initialized D3Q27CascadedSolver: resolution=8, nu=5.488000000000001e-07
2026-04-13 03:44:48,036 - lbm_debug - DEBUG - Initializing equilibrium: mach_phys=0.0250, u_lattice=1.443376e-02
2026-04-13 03:44:48,040 - lbm_debug - DEBUG - Initializing equilibrium: mach_phys=0.0250, u_lattice=1.443376e-02
2026-04-13 03:44:48,043 - lbm_debug - DEBUG - Viscosity estimate: Mach=0.0250, Re=1000000.0, L_phys=1.0000, nu_phys=8.575000e-06, nu_lattice=5.488000e-07
2026-04-13 03:44:48,050 - lbm_debug - DEBUG - Cd computation: drag_lat=1.557784e+00, u_inf_lat=0.014434, q_inf_lat=1.041666e-04, A_ref_lat=4.00, Cd=3738.684814
2026-04-13 03:44:48,059 - lbm_debug - DEBUG - Viscosity estimate: Mach=0.1000, Re=100, L_phys=1.0000, nu_phys=3.430000e-01, nu_lattice=2.195200e-02
2026-04-13 03:44:48,059 - lbm_debug - DEBUG - Initialized D3Q27CascadedSolver: resolution=8, nu=0.021952000000000003
2026-04-13 03:44:48,059 - lbm_debug - DEBUG - Initializing equilibrium: mach_phys=0.1000, u_lattice=5.773503e-02
2026-04-13 03:44:48,063 - lbm_debug - DEBUG - Cd computation: drag_lat=0.000000e+00, u_inf_lat=0.057735, q_inf_lat=1.666665e-03, A_ref_lat=4.00, Cd=0.000000
2026-04-13 03:44:48,067 - lbm_debug - DEBUG - Viscosity estimate: Mach=0.2332, Re=217687074.82993197, L_phys=40.0000, nu_phys=1.470000e-05, nu_lattice=9.408000e-09
2026-04-13 03:44:48,067 - lbm_debug - DEBUG - Initialized D3Q27CascadedSolver: resolution=32, nu=9.408e-09
2026-04-13 03:44:48,068 - lbm_debug - DEBUG - Initializing equilibrium: mach_phys=0.2332, u_lattice=1.346590e-01
2026-04-13 03:44:48,077 - lbm_debug - DEBUG - Viscosity estimate: Mach=0.2332, Re=217687074.82993197, L_phys=40.0000, nu_phys=1.470000e-05, nu_lattice=9.408000e-09
2026-04-13 03:44:48,097 - lbm_debug - DEBUG - Cd computation: drag_lat=1.006005e+01, u_inf_lat=0.134659, q_inf_lat=9.066510e-03, A_ref_lat=16.00, Cd=69.348961
2026-04-13 03:44:48,103 - lbm_debug - DEBUG - Viscosity estimate: Mach=0.1000, Re=100, L_phys=1.0000, nu_phys=3.430000e-01, nu_lattice=2.195200e-02
2026-04-13 03:44:48,103 - lbm_debug - DEBUG - Initialized D3Q27CascadedSolver: resolution=8, nu=0.021952000000000003
2026-04-13 03:44:48,103 - lbm_debug - DEBUG - Initializing equilibrium: mach_phys=0.1000, u_lattice=5.773503e-02
2026-04-13 03:44:48,108 - lbm_debug - DEBUG - Viscosity estimate: Mach=0.1000, Re=100, L_phys=1.0000, nu_phys=3.430000e-01, nu_lattice=2.195200e-02
2026-04-13 03:44:48,108 - lbm_debug - DEBUG - Initialized D3Q27CascadedSolver: resolution=8, nu=0.021952000000000003
2026-04-13 03:44:48,109 - lbm_debug - DEBUG - Initializing equilibrium: mach_phys=0.1000, u_lattice=5.773503e-02
2026-04-13 03:44:48,114 - lbm_debug - DEBUG - Viscosity estimate: Mach=0.1000, Re=100, L_phys=1.0000, nu_phys=3.430000e-01, nu_lattice=2.195200e-02
